D:\Godot_v4.7.2-stable_mono_win64\Projects\kemo_card\addons\dialogue_manager\example_balloon\ExampleBalloon.cs(166,57): warning CS8625: 无法将 null 字面量转换为非 null 的引用类型。 [D:\Godot_v4.7.2-stable_mono_win64\Projects\kemo_card\kemo_card.csproj]
D:\Godot_v4.7.2-stable_mono_win64\Projects\kemo_card\addons\dialogue_manager\example_balloon\ExampleBalloon.cs(166,115): warning CS8625: 无法将 null 字面量转换为非 null 的引用类型。 [D:\Godot_v4.7.2-stable_mono_win64\Projects\kemo_card\kemo_card.csproj]
D:\Godot_v4.7.2-stable_mono_win64\Projects\kemo_card\addons\dialogue_manager\example_balloon\ExampleBalloon.cs(68,70): warning CS8602: 解引用可能出现空引用。 [D:\Godot_v4.7.2-stable_mono_win64\Projects\kemo_card\kemo_card.csproj]
D:\Godot_v4.7.2-stable_mono_win64\Projects\kemo_card\addons\dialogue_manager\example_balloon\ExampleBalloon.cs(83,71): warning CS8602: 解引用可能出现空引用。 [D:\Godot_v4.7.2-stable_mono_win64\Projects\kemo_card\kemo_card.csproj]
D:\Godot_v4.7.2-stable_mono_win64\Projects\kemo_card\addons\dialogue_manager\example_balloon\ExampleBalloon.cs(146,24): warning CS8601: 可能的 null 引用赋值。 [D:\Godot_v4.7.2-stable_mono_win64\Projects\kemo_card\kemo_card.csproj]
D:\Godot_v4.7.2-stable_mono_win64\Projects\kemo_card\addons\dialogue_manager\example_balloon\ExampleBalloon.cs(180,22): warning CS8601: 可能的 null 引用赋值。 [D:\Godot_v4.7.2-stable_mono_win64\Projects\kemo_card\kemo_card.csproj]
D:\Godot_v4.7.2-stable_mono_win64\Projects\kemo_card\addons\dialogue_manager\example_balloon\ExampleBalloon.cs(187,22): warning CS8601: 可能的 null 引用赋值。 [D:\Godot_v4.7.2-stable_mono_win64\Projects\kemo_card\kemo_card.csproj]
D:\Godot_v4.7.2-stable_mono_win64\Projects\kemo_card\addons\dialogue_manager\DialogueManager.cs(204,51): warning CS8600: 将 null 文本或可能的 null 值转换为不可为 null 类型。 [D:\Godot_v4.7.2-stable_mono_win64\Projects\kemo_card\kemo_card.csproj]
D:\Godot_v4.7.2-stable_mono_win64\Projects\kemo_card\addons\dialogue_manager\DialogueManager.cs(206,33): warning CS8602: 解引用可能出现空引用。 [D:\Godot_v4.7.2-stable_mono_win64\Projects\kemo_card\kemo_card.csproj]
D:\Godot_v4.7.2-stable_mono_win64\Projects\kemo_card\addons\dialogue_manager\DialogueManager.cs(263,63): warning CS8602: 解引用可能出现空引用。 [D:\Godot_v4.7.2-stable_mono_win64\Projects\kemo_card\kemo_card.csproj]
D:\Godot_v4.7.2-stable_mono_win64\Projects\kemo_card\addons\dialogue_manager\DialogueManager.cs(263,62): warning CS8604: “Variant DialogueManager.ConvertValueToVariant(object value)”中的形参“value”可能传入 null 引用实参。 [D:\Godot_v4.7.2-stable_mono_win64\Projects\kemo_card\kemo_card.csproj]
D:\Godot_v4.7.2-stable_mono_win64\Projects\kemo_card\addons\dialogue_manager\DialogueManager.cs(266,63): warning CS8602: 解引用可能出现空引用。 [D:\Godot_v4.7.2-stable_mono_win64\Projects\kemo_card\kemo_card.csproj]
D:\Godot_v4.7.2-stable_mono_win64\Projects\kemo_card\addons\dialogue_manager\DialogueManager.cs(266,62): warning CS8604: “Variant DialogueManager.ConvertValueToVariant(object value)”中的形参“value”可能传入 null 引用实参。 [D:\Godot_v4.7.2-stable_mono_win64\Projects\kemo_card\kemo_card.csproj]
D:\Godot_v4.7.2-stable_mono_win64\Projects\kemo_card\addons\dialogue_manager\DialogueManager.cs(270,37): warning CS8602: 解引用可能出现空引用。 [D:\Godot_v4.7.2-stable_mono_win64\Projects\kemo_card\kemo_card.csproj]
D:\Godot_v4.7.2-stable_mono_win64\Projects\kemo_card\addons\dialogue_manager\DialogueManager.cs(280,38): warning CS0168: 声明了变量“e”，但从未使用过 [D:\Godot_v4.7.2-stable_mono_win64\Projects\kemo_card\kemo_card.csproj]
D:\Godot_v4.7.2-stable_mono_win64\Projects\kemo_card\addons\dialogue_manager\DialogueManager.cs(314,32): warning CS8604: “Variant.implicit operator Variant(string from)”中的形参“from”可能传入 null 引用实参。 [D:\Godot_v4.7.2-stable_mono_win64\Projects\kemo_card\kemo_card.csproj]
D:\Godot_v4.7.2-stable_mono_win64\Projects\kemo_card\addons\dialogue_manager\example_balloon\ExampleBalloon.cs(8,30): warning CS8618: 在退出构造函数时，不可为 null 的 字段 "DialogueResource" 必须包含非 null 值。请考虑添加 "required" 修饰符或将该 字段 声明为可为 null。 [D:\Godot_v4.7.2-stable_mono_win64\Projects\kemo_card\kemo_card.csproj]
D:\Godot_v4.7.2-stable_mono_win64\Projects\kemo_card\addons\dialogue_manager\example_balloon\ExampleBalloon.cs(15,13): warning CS8618: 在退出构造函数时，不可为 null 的 字段 "balloon" 必须包含非 null 值。请考虑添加 "required" 修饰符或将该 字段 声明为可为 null。 [D:\Godot_v4.7.2-stable_mono_win64\Projects\kemo_card\kemo_card.csproj]
D:\Godot_v4.7.2-stable_mono_win64\Projects\kemo_card\addons\dialogue_manager\example_balloon\ExampleBalloon.cs(16,19): warning CS8618: 在退出构造函数时，不可为 null 的 字段 "characterLabel" 必须包含非 null 值。请考虑添加 "required" 修饰符或将该 字段 声明为可为 null。 [D:\Godot_v4.7.2-stable_mono_win64\Projects\kemo_card\kemo_card.csproj]
D:\Godot_v4.7.2-stable_mono_win64\Projects\kemo_card\addons\dialogue_manager\example_balloon\ExampleBalloon.cs(17,19): warning CS8618: 在退出构造函数时，不可为 null 的 字段 "dialogueLabel" 必须包含非 null 值。请考虑添加 "required" 修饰符或将该 字段 声明为可为 null。 [D:\Godot_v4.7.2-stable_mono_win64\Projects\kemo_card\kemo_card.csproj]
D:\Godot_v4.7.2-stable_mono_win64\Projects\kemo_card\addons\dialogue_manager\example_balloon\ExampleBalloon.cs(18,19): warning CS8618: 在退出构造函数时，不可为 null 的 字段 "responsesMenu" 必须包含非 null 值。请考虑添加 "required" 修饰符或将该 字段 声明为可为 null。 [D:\Godot_v4.7.2-stable_mono_win64\Projects\kemo_card\kemo_card.csproj]
D:\Godot_v4.7.2-stable_mono_win64\Projects\kemo_card\addons\dialogue_manager\example_balloon\ExampleBalloon.cs(19,15): warning CS8618: 在退出构造函数时，不可为 null 的 字段 "progress" 必须包含非 null 值。请考虑添加 "required" 修饰符或将该 字段 声明为可为 null。 [D:\Godot_v4.7.2-stable_mono_win64\Projects\kemo_card\kemo_card.csproj]
D:\Godot_v4.7.2-stable_mono_win64\Projects\kemo_card\addons\dialogue_manager\example_balloon\ExampleBalloon.cs(25,18): warning CS8618: 在退出构造函数时，不可为 null 的 字段 "dialogueLine" 必须包含非 null 值。请考虑添加 "required" 修饰符或将该 字段 声明为可为 null。 [D:\Godot_v4.7.2-stable_mono_win64\Projects\kemo_card\kemo_card.csproj]

已成功生成。

D:\Godot_v4.7.2-stable_mono_win64\Projects\kemo_card\addons\dialogue_manager\example_balloon\ExampleBalloon.cs(166,57): warning CS8625: 无法将 null 字面量转换为非 null 的引用类型。 [D:\Godot_v4.7.2-stable_mono_win64\Projects\kemo_card\kemo_card.csproj]
D:\Godot_v4.7.2-stable_mono_win64\Projects\kemo_card\addons\dialogue_manager\example_balloon\ExampleBalloon.cs(166,115): warning CS8625: 无法将 null 字面量转换为非 null 的引用类型。 [D:\Godot_v4.7.2-stable_mono_win64\Projects\kemo_card\kemo_card.csproj]
D:\Godot_v4.7.2-stable_mono_win64\Projects\kemo_card\addons\dialogue_manager\example_balloon\ExampleBalloon.cs(68,70): warning CS8602: 解引用可能出现空引用。 [D:\Godot_v4.7.2-stable_mono_win64\Projects\kemo_card\kemo_card.csproj]
D:\Godot_v4.7.2-stable_mono_win64\Projects\kemo_card\addons\dialogue_manager\example_balloon\ExampleBalloon.cs(83,71): warning CS8602: 解引用可能出现空引用。 [D:\Godot_v4.7.2-stable_mono_win64\Projects\kemo_card\kemo_card.csproj]
D:\Godot_v4.7.2-stable_mono_win64\Projects\kemo_card\addons\dialogue_manager\example_balloon\ExampleBalloon.cs(146,24): warning CS8601: 可能的 null 引用赋值。 [D:\Godot_v4.7.2-stable_mono_win64\Projects\kemo_card\kemo_card.csproj]
D:\Godot_v4.7.2-stable_mono_win64\Projects\kemo_card\addons\dialogue_manager\example_balloon\ExampleBalloon.cs(180,22): warning CS8601: 可能的 null 引用赋值。 [D:\Godot_v4.7.2-stable_mono_win64\Projects\kemo_card\kemo_card.csproj]
D:\Godot_v4.7.2-stable_mono_win64\Projects\kemo_card\addons\dialogue_manager\example_balloon\ExampleBalloon.cs(187,22): warning CS8601: 可能的 null 引用赋值。 [D:\Godot_v4.7.2-stable_mono_win64\Projects\kemo_card\kemo_card.csproj]
D:\Godot_v4.7.2-stable_mono_win64\Projects\kemo_card\addons\dialogue_manager\DialogueManager.cs(204,51): warning CS8600: 将 null 文本或可能的 null 值转换为不可为 null 类型。 [D:\Godot_v4.7.2-stable_mono_win64\Projects\kemo_card\kemo_card.csproj]
D:\Godot_v4.7.2-stable_mono_win64\Projects\kemo_card\addons\dialogue_manager\DialogueManager.cs(206,33): warning CS8602: 解引用可能出现空引用。 [D:\Godot_v4.7.2-stable_mono_win64\Projects\kemo_card\kemo_card.csproj]
D:\Godot_v4.7.2-stable_mono_win64\Projects\kemo_card\addons\dialogue_manager\DialogueManager.cs(263,63): warning CS8602: 解引用可能出现空引用。 [D:\Godot_v4.7.2-stable_mono_win64\Projects\kemo_card\kemo_card.csproj]
D:\Godot_v4.7.2-stable_mono_win64\Projects\kemo_card\addons\dialogue_manager\DialogueManager.cs(263,62): warning CS8604: “Variant DialogueManager.ConvertValueToVariant(object value)”中的形参“value”可能传入 null 引用实参。 [D:\Godot_v4.7.2-stable_mono_win64\Projects\kemo_card\kemo_card.csproj]
D:\Godot_v4.7.2-stable_mono_win64\Projects\kemo_card\addons\dialogue_manager\DialogueManager.cs(266,63): warning CS8602: 解引用可能出现空引用。 [D:\Godot_v4.7.2-stable_mono_win64\Projects\kemo_card\kemo_card.csproj]
D:\Godot_v4.7.2-stable_mono_win64\Projects\kemo_card\addons\dialogue_manager\DialogueManager.cs(266,62): warning CS8604: “Variant DialogueManager.ConvertValueToVariant(object value)”中的形参“value”可能传入 null 引用实参。 [D:\Godot_v4.7.2-stable_mono_win64\Projects\kemo_card\kemo_card.csproj]
D:\Godot_v4.7.2-stable_mono_win64\Projects\kemo_card\addons\dialogue_manager\DialogueManager.cs(270,37): warning CS8602: 解引用可能出现空引用。 [D:\Godot_v4.7.2-stable_mono_win64\Projects\kemo_card\kemo_card.csproj]
D:\Godot_v4.7.2-stable_mono_win64\Projects\kemo_card\addons\dialogue_manager\DialogueManager.cs(280,38): warning CS0168: 声明了变量“e”，但从未使用过 [D:\Godot_v4.7.2-stable_mono_win64\Projects\kemo_card\kemo_card.csproj]
D:\Godot_v4.7.2-stable_mono_win64\Projects\kemo_card\addons\dialogue_manager\DialogueManager.cs(314,32): warning CS8604: “Variant.implicit operator Variant(string from)”中的形参“from”可能传入 null 引用实参。 [D:\Godot_v4.7.2-stable_mono_win64\Projects\kemo_card\kemo_card.csproj]
D:\Godot_v4.7.2-stable_mono_win64\Projects\kemo_card\addons\dialogue_manager\example_balloon\ExampleBalloon.cs(8,30): warning CS8618: 在退出构造函数时，不可为 null 的 字段 "DialogueResource" 必须包含非 null 值。请考虑添加 "required" 修饰符或将该 字段 声明为可为 null。 [D:\Godot_v4.7.2-stable_mono_win64\Projects\kemo_card\kemo_card.csproj]
D:\Godot_v4.7.2-stable_mono_win64\Projects\kemo_card\addons\dialogue_manager\example_balloon\ExampleBalloon.cs(15,13): warning CS8618: 在退出构造函数时，不可为 null 的 字段 "balloon" 必须包含非 null 值。请考虑添加 "required" 修饰符或将该 字段 声明为可为 null。 [D:\Godot_v4.7.2-stable_mono_win64\Projects\kemo_card\kemo_card.csproj]
D:\Godot_v4.7.2-stable_mono_win64\Projects\kemo_card\addons\dialogue_manager\example_balloon\ExampleBalloon.cs(16,19): warning CS8618: 在退出构造函数时，不可为 null 的 字段 "characterLabel" 必须包含非 null 值。请考虑添加 "required" 修饰符或将该 字段 声明为可为 null。 [D:\Godot_v4.7.2-stable_mono_win64\Projects\kemo_card\kemo_card.csproj]
D:\Godot_v4.7.2-stable_mono_win64\Projects\kemo_card\addons\dialogue_manager\example_balloon\ExampleBalloon.cs(17,19): warning CS8618: 在退出构造函数时，不可为 null 的 字段 "dialogueLabel" 必须包含非 null 值。请考虑添加 "required" 修饰符或将该 字段 声明为可为 null。 [D:\Godot_v4.7.2-stable_mono_win64\Projects\kemo_card\kemo_card.csproj]
D:\Godot_v4.7.2-stable_mono_win64\Projects\kemo_card\addons\dialogue_manager\example_balloon\ExampleBalloon.cs(18,19): warning CS8618: 在退出构造函数时，不可为 null 的 字段 "responsesMenu" 必须包含非 null 值。请考虑添加 "required" 修饰符或将该 字段 声明为可为 null。 [D:\Godot_v4.7.2-stable_mono_win64\Projects\kemo_card\kemo_card.csproj]
D:\Godot_v4.7.2-stable_mono_win64\Projects\kemo_card\addons\dialogue_manager\example_balloon\ExampleBalloon.cs(19,15): warning CS8618: 在退出构造函数时，不可为 null 的 字段 "progress" 必须包含非 null 值。请考虑添加 "required" 修饰符或将该 字段 声明为可为 null。 [D:\Godot_v4.7.2-stable_mono_win64\Projects\kemo_card\kemo_card.csproj]
D:\Godot_v4.7.2-stable_mono_win64\Projects\kemo_card\addons\dialogue_manager\example_balloon\ExampleBalloon.cs(25,18): warning CS8618: 在退出构造函数时，不可为 null 的 字段 "dialogueLine" 必须包含非 null 值。请考虑添加 "required" 修饰符或将该 字段 声明为可为 null。 [D:\Godot_v4.7.2-stable_mono_win64\Projects\kemo_card\kemo_card.csproj]
    23 个警告
    0 个错误

已用时间 00:00:02.93
