Godot Engine v4.7.2.stable.mono.official.ed1daf0bf - https://godotengine.org

[MCPRuntimeServer] port: scanning 6570-6585 (default)
[MCPRuntimeServer] listening on 127.0.0.1:6571
[MCPRegistry] runtime port 6571 registered for d:/godot_v4.7.2-stable_mono_win64/projects/kemo_card
UI_HEADLESS_PASS WindowDefaults
UI_HEADLESS_PASS HideBelowAndBackAsync
UI_HEADLESS_PASS CrossLayerVisibility
UI_HEADLESS_PASS VisibilityCallbackCanCloseWindows
UI_HEADLESS_PASS TopLayerQueries
UI_HEADLESS_PASS DialogsCoexist
UI_HEADLESS_PASS MaskCacheAsync
UI_HEADLESS_PASS close waits for window animation
UI_HEADLESS_PASS close waits for mask animation
UI_HEADLESS_PASS ReopenCancelsOldClose
UI_HEADLESS_PASS CloseAnimationFailureStillCloses
UI_HEADLESS_PASS StalePreloadFailure
UI_HEADLESS_PASS CloseCachedPreload
UI_HEADLESS_PASS ThrowingCallbacksAdvanceQueue
UI_HEADLESS_PASS CallbackReentryPreservesRequest
ERROR: System.InvalidOperationException: expected exit hook failure
   at KemoCard.Ui.Headless.TestWindow.OnExitTree() in D:\Godot_v4.7.2-stable_mono_win64\Projects\kemo_card\Tests\kemo_card.Ui.Headless\TestWindow.cs:line 76
   at KemoCard.Frame.UI.Base.BaseUI._ExitTree() in D:\Godot_v4.7.2-stable_mono_win64\Projects\kemo_card\Src\frame\ui\Base\BaseUI.cs:line 60
   at Godot.Node.InvokeGodotClassMethod(godot_string_name& method, NativeVariantPtrArgs args, godot_variant& ret) in /root/godot/modules/mono/glue/GodotSharp/GodotSharp/Generated/GodotObjects/Node.cs:line 2618
   at Godot.CanvasItem.InvokeGodotClassMethod(godot_string_name& method, NativeVariantPtrArgs args, godot_variant& ret) in /root/godot/modules/mono/glue/GodotSharp/GodotSharp/Generated/GodotObjects/CanvasItem.cs:line 1845
   at Godot.Control.InvokeGodotClassMethod(godot_string_name& method, NativeVariantPtrArgs args, godot_variant& ret) in /root/godot/modules/mono/glue/GodotSharp/GodotSharp/Generated/GodotObjects/Control.cs:line 4029
   at KemoCard.Frame.UI.Base.BaseUI.InvokeGodotClassMethod(godot_string_name& method, NativeVariantPtrArgs args, godot_variant& ret) in D:\Godot_v4.7.2-stable_mono_win64\Projects\kemo_card\.godot\mono\temp\obj\Debug\Godot.SourceGenerators\Godot.SourceGenerators.ScriptMethodsGenerator\KemoCard.Frame.UI.Base.BaseUI_ScriptMethods.generated.cs:line 90
   at KemoCard.Frame.UI.Base.BaseWin.InvokeGodotClassMethod(godot_string_name& method, NativeVariantPtrArgs args, godot_variant& ret) in D:\Godot_v4.7.2-stable_mono_win64\Projects\kemo_card\.godot\mono\temp\obj\Debug\Godot.SourceGenerators\Godot.SourceGenerators.ScriptMethodsGenerator\KemoCard.Frame.UI.Base.BaseWin_ScriptMethods.generated.cs:line 120
   at KemoCard.Ui.Headless.TestWindow.InvokeGodotClassMethod(godot_string_name& method, NativeVariantPtrArgs args, godot_variant& ret) in D:\Godot_v4.7.2-stable_mono_win64\Projects\kemo_card\.godot\mono\temp\obj\Debug\Godot.SourceGenerators\Godot.SourceGenerators.ScriptMethodsGenerator\KemoCard.Ui.Headless.TestWindow_ScriptMethods.generated.cs:line 100
   at Godot.Bridge.CSharpInstanceBridge.Call(IntPtr godotObjectGCHandle, godot_string_name* method, godot_variant** args, Int32 argCount, godot_variant_call_error* refCallError, godot_variant* ret) in /root/godot/modules/mono/glue/GodotSharp/GodotSharp/Core/Bridge/CSharpInstanceBridge.cs:line 24
   at: void Godot.NativeInterop.ExceptionUtils.LogException(System.Exception) (/root/godot/modules/mono/glue/GodotSharp/GodotSharp/Core/NativeInterop/ExceptionUtils.cs:113)
   C# backtrace (most recent call first):
       [0] void Godot.GD.PushError(string) (/root/godot/modules/mono/glue/GodotSharp/GodotSharp/Core/GD.cs:366)
       [1] void Godot.NativeInterop.ExceptionUtils.LogException(System.Exception) (/root/godot/modules/mono/glue/GodotSharp/GodotSharp/Core/NativeInterop/ExceptionUtils.cs:113)
       [2] Godot.NativeInterop.godot_bool Godot.Bridge.CSharpInstanceBridge.Call(nint, Godot.NativeInterop.godot_string_name*, Godot.NativeInterop.godot_variant**, int, Godot.NativeInterop.godot_variant_call_error*, Godot.NativeInterop.godot_variant*) (/root/godot/modules/mono/glue/GodotSharp/GodotSharp/Core/Bridge/CSharpInstanceBridge.cs:24)
       [3] void Godot.NativeInterop.NativeFuncs.godotsharp_method_bind_ptrcall(nint, nint, System.Void**, System.Void*) (/root/godot/modules/mono/glue/GodotSharp/GodotSharp/Godot.SourceGenerators.Internal/Godot.SourceGenerators.Internal.UnmanagedCallbacksGenerator/Godot.NativeInterop.NativeFuncs.generated.cs:380)
       [4] void Godot.NativeCalls.godot_icall_1_56(nint, nint, nint) (/root/godot/modules/mono/glue/GodotSharp/GodotSharp/Generated/NativeCalls.cs:495)
       [5] void Godot.Node.RemoveChild(Godot.Node) (/root/godot/modules/mono/glue/GodotSharp/GodotSharp/Generated/GodotObjects/Node.cs:860)
       [6] void KemoCard.Ui.Headless.UiFrameworkHeadlessTests.ExitFailureStillUnbinds() (D:\Godot_v4.7.2-stable_mono_win64\Projects\kemo_card\Tests\kemo_card.Ui.Headless\UiFrameworkHeadlessTests.cs:371)
       [7] System.Threading.Tasks.Task KemoCard.Ui.Headless.UiFrameworkHeadlessTests.Run(System.Action) (D:\Godot_v4.7.2-stable_mono_win64\Projects\kemo_card\Tests\kemo_card.Ui.Headless\UiFrameworkHeadlessTests.cs:83)
       [8] System.Threading.Tasks.Task KemoCard.Ui.Headless.UiFrameworkHeadlessTests.<RunAllAsync>b__6_13() (D:\Godot_v4.7.2-stable_mono_win64\Projects\kemo_card\Tests\kemo_card.Ui.Headless\UiFrameworkHeadlessTests.cs:51)
       [9] void KemoCard.Ui.Headless.UiFrameworkHeadlessTests+<RunAllAsync>d__6.MoveNext() (D:\Godot_v4.7.2-stable_mono_win64\Projects\kemo_card\Tests\kemo_card.Ui.Headless\UiFrameworkHeadlessTests.cs:69)
       [10] void System.Threading.ExecutionContext.RunInternal(System.Threading.ExecutionContext, System.Threading.ContextCallback, object)
       [11] void System.Runtime.CompilerServices.AsyncTaskMethodBuilder`1+AsyncStateMachineBox`1.MoveNext(System.Threading.Thread)
       [12] void KemoCard.Frame.Util.GodotMainThreadSyncContext.Pump(int) (D:\Godot_v4.7.2-stable_mono_win64\Projects\kemo_card\Src\frame\util\GodotMainThreadSyncContext.cs:89)
       [13] void KemoCard.Frame.UI.UIManager._Process(double) (D:\Godot_v4.7.2-stable_mono_win64\Projects\kemo_card\Src\frame\ui\UiManager.cs:75)
       [14] bool Godot.Node.InvokeGodotClassMethod(Godot.NativeInterop.godot_string_name&, Godot.NativeInterop.NativeVariantPtrArgs, Godot.NativeInterop.godot_variant&) (/root/godot/modules/mono/glue/GodotSharp/GodotSharp/Generated/GodotObjects/Node.cs:2654)
       [15] bool KemoCard.Frame.UI.UIManager.InvokeGodotClassMethod(Godot.NativeInterop.godot_string_name&, Godot.NativeInterop.NativeVariantPtrArgs, Godot.NativeInterop.godot_variant&) (D:\Godot_v4.7.2-stable_mono_win64\Projects\kemo_card\.godot\mono\temp\obj\Debug\Godot.SourceGenerators\Godot.SourceGenerators.ScriptMethodsGenerator\KemoCard.Frame.UI.UIManager_ScriptMethods.generated.cs:190)
       [16] Godot.NativeInterop.godot_bool Godot.Bridge.CSharpInstanceBridge.Call(nint, Godot.NativeInterop.godot_string_name*, Godot.NativeInterop.godot_variant**, int, Godot.NativeInterop.godot_variant_call_error*, Godot.NativeInterop.godot_variant*) (/root/godot/modules/mono/glue/GodotSharp/GodotSharp/Core/Bridge/CSharpInstanceBridge.cs:24)
UI_HEADLESS_PASS ExitFailureStillUnbinds
ERROR: System.InvalidOperationException: expected mask exit failure
   at KemoCard.Ui.Headless.TestMask.OnExitTree() in D:\Godot_v4.7.2-stable_mono_win64\Projects\kemo_card\Tests\kemo_card.Ui.Headless\TestMask.cs:line 22
   at KemoCard.Frame.UI.Base.BaseMask._ExitTree() in D:\Godot_v4.7.2-stable_mono_win64\Projects\kemo_card\Src\frame\ui\Base\BaseMask.cs:line 64
   at Godot.Node.InvokeGodotClassMethod(godot_string_name& method, NativeVariantPtrArgs args, godot_variant& ret) in /root/godot/modules/mono/glue/GodotSharp/GodotSharp/Generated/GodotObjects/Node.cs:line 2618
   at Godot.CanvasItem.InvokeGodotClassMethod(godot_string_name& method, NativeVariantPtrArgs args, godot_variant& ret) in /root/godot/modules/mono/glue/GodotSharp/GodotSharp/Generated/GodotObjects/CanvasItem.cs:line 1845
   at Godot.Control.InvokeGodotClassMethod(godot_string_name& method, NativeVariantPtrArgs args, godot_variant& ret) in /root/godot/modules/mono/glue/GodotSharp/GodotSharp/Generated/GodotObjects/Control.cs:line 4029
   at KemoCard.Frame.UI.Base.BaseMask.InvokeGodotClassMethod(godot_string_name& method, NativeVariantPtrArgs args, godot_variant& ret) in D:\Godot_v4.7.2-stable_mono_win64\Projects\kemo_card\.godot\mono\temp\obj\Debug\Godot.SourceGenerators\Godot.SourceGenerators.ScriptMethodsGenerator\KemoCard.Frame.UI.Base.BaseMask_ScriptMethods.generated.cs:line 120
   at KemoCard.Ui.Headless.TestMask.InvokeGodotClassMethod(godot_string_name& method, NativeVariantPtrArgs args, godot_variant& ret) in D:\Godot_v4.7.2-stable_mono_win64\Projects\kemo_card\.godot\mono\temp\obj\Debug\Godot.SourceGenerators\Godot.SourceGenerators.ScriptMethodsGenerator\KemoCard.Ui.Headless.TestMask_ScriptMethods.generated.cs:line 60
   at Godot.Bridge.CSharpInstanceBridge.Call(IntPtr godotObjectGCHandle, godot_string_name* method, godot_variant** args, Int32 argCount, godot_variant_call_error* refCallError, godot_variant* ret) in /root/godot/modules/mono/glue/GodotSharp/GodotSharp/Core/Bridge/CSharpInstanceBridge.cs:line 24
   at: void Godot.NativeInterop.ExceptionUtils.LogException(System.Exception) (/root/godot/modules/mono/glue/GodotSharp/GodotSharp/Core/NativeInterop/ExceptionUtils.cs:113)
   C# backtrace (most recent call first):
       [0] void Godot.GD.PushError(string) (/root/godot/modules/mono/glue/GodotSharp/GodotSharp/Core/GD.cs:366)
       [1] void Godot.NativeInterop.ExceptionUtils.LogException(System.Exception) (/root/godot/modules/mono/glue/GodotSharp/GodotSharp/Core/NativeInterop/ExceptionUtils.cs:113)
       [2] Godot.NativeInterop.godot_bool Godot.Bridge.CSharpInstanceBridge.Call(nint, Godot.NativeInterop.godot_string_name*, Godot.NativeInterop.godot_variant**, int, Godot.NativeInterop.godot_variant_call_error*, Godot.NativeInterop.godot_variant*) (/root/godot/modules/mono/glue/GodotSharp/GodotSharp/Core/Bridge/CSharpInstanceBridge.cs:24)
       [3] void Godot.NativeInterop.NativeFuncs.godotsharp_method_bind_ptrcall(nint, nint, System.Void**, System.Void*) (/root/godot/modules/mono/glue/GodotSharp/GodotSharp/Godot.SourceGenerators.Internal/Godot.SourceGenerators.Internal.UnmanagedCallbacksGenerator/Godot.NativeInterop.NativeFuncs.generated.cs:380)
       [4] void Godot.NativeCalls.godot_icall_1_56(nint, nint, nint) (/root/godot/modules/mono/glue/GodotSharp/GodotSharp/Generated/NativeCalls.cs:495)
       [5] void Godot.Node.RemoveChild(Godot.Node) (/root/godot/modules/mono/glue/GodotSharp/GodotSharp/Generated/GodotObjects/Node.cs:860)
       [6] void KemoCard.Ui.Headless.UiFrameworkHeadlessTests.MaskExitFailureStillUnbinds() (D:\Godot_v4.7.2-stable_mono_win64\Projects\kemo_card\Tests\kemo_card.Ui.Headless\UiFrameworkHeadlessTests.cs:384)
       [7] System.Threading.Tasks.Task KemoCard.Ui.Headless.UiFrameworkHeadlessTests.Run(System.Action) (D:\Godot_v4.7.2-stable_mono_win64\Projects\kemo_card\Tests\kemo_card.Ui.Headless\UiFrameworkHeadlessTests.cs:83)
       [8] System.Threading.Tasks.Task KemoCard.Ui.Headless.UiFrameworkHeadlessTests.<RunAllAsync>b__6_14() (D:\Godot_v4.7.2-stable_mono_win64\Projects\kemo_card\Tests\kemo_card.Ui.Headless\UiFrameworkHeadlessTests.cs:52)
       [9] void KemoCard.Ui.Headless.UiFrameworkHeadlessTests+<RunAllAsync>d__6.MoveNext() (D:\Godot_v4.7.2-stable_mono_win64\Projects\kemo_card\Tests\kemo_card.Ui.Headless\UiFrameworkHeadlessTests.cs:69)
       [10] void System.Threading.ExecutionContext.RunInternal(System.Threading.ExecutionContext, System.Threading.ContextCallback, object)
       [11] void System.Runtime.CompilerServices.AsyncTaskMethodBuilder`1+AsyncStateMachineBox`1.MoveNext(System.Threading.Thread)
       [12] void KemoCard.Frame.Util.GodotMainThreadSyncContext.Pump(int) (D:\Godot_v4.7.2-stable_mono_win64\Projects\kemo_card\Src\frame\util\GodotMainThreadSyncContext.cs:89)
       [13] void KemoCard.Frame.UI.UIManager._Process(double) (D:\Godot_v4.7.2-stable_mono_win64\Projects\kemo_card\Src\frame\ui\UiManager.cs:75)
       [14] bool Godot.Node.InvokeGodotClassMethod(Godot.NativeInterop.godot_string_name&, Godot.NativeInterop.NativeVariantPtrArgs, Godot.NativeInterop.godot_variant&) (/root/godot/modules/mono/glue/GodotSharp/GodotSharp/Generated/GodotObjects/Node.cs:2654)
       [15] bool KemoCard.Frame.UI.UIManager.InvokeGodotClassMethod(Godot.NativeInterop.godot_string_name&, Godot.NativeInterop.NativeVariantPtrArgs, Godot.NativeInterop.godot_variant&) (D:\Godot_v4.7.2-stable_mono_win64\Projects\kemo_card\.godot\mono\temp\obj\Debug\Godot.SourceGenerators\Godot.SourceGenerators.ScriptMethodsGenerator\KemoCard.Frame.UI.UIManager_ScriptMethods.generated.cs:190)
       [16] Godot.NativeInterop.godot_bool Godot.Bridge.CSharpInstanceBridge.Call(nint, Godot.NativeInterop.godot_string_name*, Godot.NativeInterop.godot_variant**, int, Godot.NativeInterop.godot_variant_call_error*, Godot.NativeInterop.godot_variant*) (/root/godot/modules/mono/glue/GodotSharp/GodotSharp/Core/Bridge/CSharpInstanceBridge.cs:24)
UI_HEADLESS_PASS MaskExitFailureStillUnbinds
ERROR: System.InvalidOperationException: expected fit exit failure
   at KemoCard.Ui.Headless.TestFitScaleBox.OnExitTree() in D:\Godot_v4.7.2-stable_mono_win64\Projects\kemo_card\Tests\kemo_card.Ui.Headless\TestFitScaleBox.cs:line 7
   at KemoCard.Frame.UI.FitScaleBox._ExitTree() in D:\Godot_v4.7.2-stable_mono_win64\Projects\kemo_card\Src\frame\ui\FitScaleBox.cs:line 38
   at Godot.Node.InvokeGodotClassMethod(godot_string_name& method, NativeVariantPtrArgs args, godot_variant& ret) in /root/godot/modules/mono/glue/GodotSharp/GodotSharp/Generated/GodotObjects/Node.cs:line 2618
   at Godot.CanvasItem.InvokeGodotClassMethod(godot_string_name& method, NativeVariantPtrArgs args, godot_variant& ret) in /root/godot/modules/mono/glue/GodotSharp/GodotSharp/Generated/GodotObjects/CanvasItem.cs:line 1845
   at Godot.Control.InvokeGodotClassMethod(godot_string_name& method, NativeVariantPtrArgs args, godot_variant& ret) in /root/godot/modules/mono/glue/GodotSharp/GodotSharp/Generated/GodotObjects/Control.cs:line 4029
   at KemoCard.Frame.UI.FitScaleBox.InvokeGodotClassMethod(godot_string_name& method, NativeVariantPtrArgs args, godot_variant& ret) in D:\Godot_v4.7.2-stable_mono_win64\Projects\kemo_card\.godot\mono\temp\obj\Debug\Godot.SourceGenerators\Godot.SourceGenerators.ScriptMethodsGenerator\KemoCard.Frame.UI.FitScaleBox_ScriptMethods.generated.cs:line 90
   at KemoCard.Ui.Headless.TestFitScaleBox.InvokeGodotClassMethod(godot_string_name& method, NativeVariantPtrArgs args, godot_variant& ret) in D:\Godot_v4.7.2-stable_mono_win64\Projects\kemo_card\.godot\mono\temp\obj\Debug\Godot.SourceGenerators\Godot.SourceGenerators.ScriptMethodsGenerator\KemoCard.Ui.Headless.TestFitScaleBox_ScriptMethods.generated.cs:line 40
   at Godot.Bridge.CSharpInstanceBridge.Call(IntPtr godotObjectGCHandle, godot_string_name* method, godot_variant** args, Int32 argCount, godot_variant_call_error* refCallError, godot_variant* ret) in /root/godot/modules/mono/glue/GodotSharp/GodotSharp/Core/Bridge/CSharpInstanceBridge.cs:line 24
   at: void Godot.NativeInterop.ExceptionUtils.LogException(System.Exception) (/root/godot/modules/mono/glue/GodotSharp/GodotSharp/Core/NativeInterop/ExceptionUtils.cs:113)
   C# backtrace (most recent call first):
       [0] void Godot.GD.PushError(string) (/root/godot/modules/mono/glue/GodotSharp/GodotSharp/Core/GD.cs:366)
       [1] void Godot.NativeInterop.ExceptionUtils.LogException(System.Exception) (/root/godot/modules/mono/glue/GodotSharp/GodotSharp/Core/NativeInterop/ExceptionUtils.cs:113)
       [2] Godot.NativeInterop.godot_bool Godot.Bridge.CSharpInstanceBridge.Call(nint, Godot.NativeInterop.godot_string_name*, Godot.NativeInterop.godot_variant**, int, Godot.NativeInterop.godot_variant_call_error*, Godot.NativeInterop.godot_variant*) (/root/godot/modules/mono/glue/GodotSharp/GodotSharp/Core/Bridge/CSharpInstanceBridge.cs:24)
       [3] void Godot.NativeInterop.NativeFuncs.godotsharp_method_bind_ptrcall(nint, nint, System.Void**, System.Void*) (/root/godot/modules/mono/glue/GodotSharp/GodotSharp/Godot.SourceGenerators.Internal/Godot.SourceGenerators.Internal.UnmanagedCallbacksGenerator/Godot.NativeInterop.NativeFuncs.generated.cs:380)
       [4] void Godot.NativeCalls.godot_icall_1_56(nint, nint, nint) (/root/godot/modules/mono/glue/GodotSharp/GodotSharp/Generated/NativeCalls.cs:495)
       [5] void Godot.Node.RemoveChild(Godot.Node) (/root/godot/modules/mono/glue/GodotSharp/GodotSharp/Generated/GodotObjects/Node.cs:860)
       [6] void KemoCard.Ui.Headless.UiFrameworkHeadlessTests.FitExitFailureStillUnbinds() (D:\Godot_v4.7.2-stable_mono_win64\Projects\kemo_card\Tests\kemo_card.Ui.Headless\UiFrameworkHeadlessTests.cs:397)
       [7] System.Threading.Tasks.Task KemoCard.Ui.Headless.UiFrameworkHeadlessTests.Run(System.Action) (D:\Godot_v4.7.2-stable_mono_win64\Projects\kemo_card\Tests\kemo_card.Ui.Headless\UiFrameworkHeadlessTests.cs:83)
       [8] System.Threading.Tasks.Task KemoCard.Ui.Headless.UiFrameworkHeadlessTests.<RunAllAsync>b__6_15() (D:\Godot_v4.7.2-stable_mono_win64\Projects\kemo_card\Tests\kemo_card.Ui.Headless\UiFrameworkHeadlessTests.cs:53)
       [9] void KemoCard.Ui.Headless.UiFrameworkHeadlessTests+<RunAllAsync>d__6.MoveNext() (D:\Godot_v4.7.2-stable_mono_win64\Projects\kemo_card\Tests\kemo_card.Ui.Headless\UiFrameworkHeadlessTests.cs:69)
       [10] void System.Threading.ExecutionContext.RunInternal(System.Threading.ExecutionContext, System.Threading.ContextCallback, object)
       [11] void System.Runtime.CompilerServices.AsyncTaskMethodBuilder`1+AsyncStateMachineBox`1.MoveNext(System.Threading.Thread)
       [12] void KemoCard.Frame.Util.GodotMainThreadSyncContext.Pump(int) (D:\Godot_v4.7.2-stable_mono_win64\Projects\kemo_card\Src\frame\util\GodotMainThreadSyncContext.cs:89)
       [13] void KemoCard.Frame.UI.UIManager._Process(double) (D:\Godot_v4.7.2-stable_mono_win64\Projects\kemo_card\Src\frame\ui\UiManager.cs:75)
       [14] bool Godot.Node.InvokeGodotClassMethod(Godot.NativeInterop.godot_string_name&, Godot.NativeInterop.NativeVariantPtrArgs, Godot.NativeInterop.godot_variant&) (/root/godot/modules/mono/glue/GodotSharp/GodotSharp/Generated/GodotObjects/Node.cs:2654)
       [15] bool KemoCard.Frame.UI.UIManager.InvokeGodotClassMethod(Godot.NativeInterop.godot_string_name&, Godot.NativeInterop.NativeVariantPtrArgs, Godot.NativeInterop.godot_variant&) (D:\Godot_v4.7.2-stable_mono_win64\Projects\kemo_card\.godot\mono\temp\obj\Debug\Godot.SourceGenerators\Godot.SourceGenerators.ScriptMethodsGenerator\KemoCard.Frame.UI.UIManager_ScriptMethods.generated.cs:190)
       [16] Godot.NativeInterop.godot_bool Godot.Bridge.CSharpInstanceBridge.Call(nint, Godot.NativeInterop.godot_string_name*, Godot.NativeInterop.godot_variant**, int, Godot.NativeInterop.godot_variant_call_error*, Godot.NativeInterop.godot_variant*) (/root/godot/modules/mono/glue/GodotSharp/GodotSharp/Core/Bridge/CSharpInstanceBridge.cs:24)
UI_HEADLESS_PASS FitExitFailureStillUnbinds
UI_HEADLESS_PASS UnregisterOwnerAdvancesQueue
UI_HEADLESS_PASS CachedPreloadGetsFreshDeadline
UI_HEADLESS_PASS TimeoutCallbackReentry
UI_HEADLESS_PASS ColdSceneLifecycle
UI_HEADLESS_PASS ColdMaskLifecycleAsync
UI_HEADLESS_PASS FailedResourceFactory
UI_HEADLESS_PASS BusinessHookFailure
UI_HEADLESS_PASS CloseFromOpenBefore
UI_HEADLESS_PASS CustomParentMaskCache
UI_HEADLESS_PASS DestroyDuringCloseAsync
UI_HEADLESS_SUMMARY total=28 failed=0
